Microchip MPLAB XC8 Compiler V2.40

Linker command line:

-W-3 \
  --edf=C:\Program Files\Microchip\xc8\v2.40\pic\dat\20220703182018_en.msgs \
  -cn -h+dist/default/production\Proyecto_IRONMAN.X.production.sym \
  --cmf=dist/default/production\Proyecto_IRONMAN.X.production.cmf -z \
  -Q16F887 -oC:\Users\Black\AppData\Local\Temp\xcAs1nk.4 \
  --defsym=__MPLAB_BUILD=1 --fixupoverflow=error \
  -Mdist/default/production/Proyecto_IRONMAN.X.production.map \
  --md=C:\Users\Black\AppData\Local\Temp\xcAs1nk.dat -E1 -ver=XC8 Compiler \
  --acfsm=1493 -ACODE=00h-07FFhx4 -ASTRCODE=00h-01FFFh -ASTRING=00h-0FFhx32 \
  -ACONST=00h-0FFhx32 -AENTRY=00h-0FFhx32 -ACOMMON=070h-07Fh \
  -ABANK0=020h-06Fh -ABANK1=0A0h-0EFh -ABANK2=0110h-016Fh \
  -ABANK3=0190h-01EFh -ARAM=020h-06Fh,0A0h-0EFh,0110h-016Fh,0190h-01EFh \
  -AABS1=020h-07Fh,0A0h-0EFh,0110h-016Fh,0190h-01EFh -ASFR0=00h-01Fh \
  -ASFR1=080h-09Fh -ASFR2=0100h-010Fh -ASFR3=0180h-018Fh \
  -ACONFIG=02007h-02008h -DCONFIG=2 -AIDLOC=02000h-02003h -DIDLOC=2 \
  -AEEDATA=00h-0FFh/02100h -peeprom_data=EEDATA -DEEDATA=2 -DCODE=2 \
  -DSTRCODE=2 -DSTRING=2 -DCONST=2 -DENTRY=2 \
  -preset_vec=00h,intentry=04h,init,end_init -ppowerup=CODE -pcinit=CODE \
  -pfunctab=ENTRY -k C:\Users\Black\AppData\Local\Temp\xcAs1nk.o \
  dist/default/production\Proyecto_IRONMAN.X.production.o 

Object code version is 3.11

Machine type is 16F887



                Name                               Link     Load   Length Selector   Space Scale
C:\Users\Black\AppData\Local\Temp\xcAs1nk.o
                end_init                             10       10        3        8       0
                reset_vec                             0        0        3        0       0
                config                             2007     2007        2        0       4
                idloc                              2000     2000        4        0       5
dist/default/production\Proyecto_IRONMAN.X.production.o
                cinit                                13       13       1B        8       0
                intentry                              4        4        C        8       0
                config                             2007     2007        2        0       4
                idloc                              2000     2000        4        0       5
                text16                              B0F      B0F      258     161E       0
                text15                              712      712       B8        8       0
                text14                             11CE     11CE       39     239C       0
                text13                             162D     162D      1D3     2C5A       0
                text12                             11A7     11A7       27     234E       0
                text11                              3CD      3CD      345        8       0
                text10                             126C     126C       8E     24D8       0
                text9                               80E      80E      12E     101C       0
                text8                               D67      D67      299     1ACE       0
                text7                               93C      93C      1D3     1278       0
                text6                              12FA     12FA       8E     25F4       0
                text5                              1207     1207       65     240E       0
                text4                               7CA      7CA       29        8       0
                text3                                2E       2E      39F        8       0
                text2                              1418     1418      106     2830       0
                text1                              1388     1388       90     2710       0
                maintext                           151E     151E      10F     2A3C       0
                cstackBANK0                          20       20       50       20       1
                cstackCOMMON                         70       70        E       70       1
                cstackBANK1                          A0       A0       25       A0       1
                cstackBANK3                         190      190       57      190       1
                clrtext                             7F3      7F3        8        8       0
                dataBANK1                            D5       D5        2       A0       1
                bssBANK1                             C5       C5       10       A0       1
                nvBANK3                             1E7      1E7        2      190       1
                idataBANK1                          7FB      7FB        2        8       0

TOTAL           Name                               Link     Load   Length     Space
        CLASS   CODE           
                end_init                             10       10        3         0
                cinit                                13       13       1B         0
                intentry                              4        4        C         0
                reset_vec                             0        0        3         0
                text16                              B0F      B0F      258         0
                text15                              712      712       B8         0
                text14                             11CE     11CE       39         0
                text13                             162D     162D      1D3         0
                text12                             11A7     11A7       27         0
                text11                              3CD      3CD      345         0
                text10                             126C     126C       8E         0
                text9                               80E      80E      12E         0
                text8                               D67      D67      299         0
                text7                               93C      93C      1D3         0
                text6                              12FA     12FA       8E         0
                text5                              1207     1207       65         0
                text4                               7CA      7CA       29         0
                text3                                2E       2E      39F         0
                text2                              1418     1418      106         0
                text1                              1388     1388       90         0
                maintext                           151E     151E      10F         0
                clrtext                             7F3      7F3        8         0
                idataBANK1                          7FB      7FB        2         0

        CLASS   STRCODE        

        CLASS   STRING         

        CLASS   CONST          

        CLASS   ENTRY          

        CLASS   COMMON         
                cstackCOMMON                         70       70        E         1

        CLASS   BANK0          
                cstackBANK0                          20       20       50         1

        CLASS   BANK1          
                cstackBANK1                          A0       A0       25         1
                dataBANK1                            D5       D5        2         1
                bssBANK1                             C5       C5       10         1

        CLASS   BANK2          

        CLASS   BANK3          
                cstackBANK3                         190      190       57         1
                nvBANK3                             1E7      1E7        2         1

        CLASS   RAM            

        CLASS   ABS1           
                abs_s1                               7E       7E        2         1

        CLASS   SFR0           

        CLASS   SFR1           

        CLASS   SFR2           

        CLASS   SFR3           

        CLASS   CONFIG         
                config                             2007     2007        2         4

        CLASS   IDLOC          
                idloc                              2000     2000        4         5

        CLASS   EEDATA         

        CLASS   STACK          



SEGMENTS        Name                           Load    Length   Top    Selector   Space  Class     Delta

                reset_vec                      000000  000003  000003         0       0  CODE        2
                intentry                       000004  0007F9  0007FD         8       0  CODE        2
                cstackBANK0                    000020  000050  000070        20       1  BANK0       1
                cstackCOMMON                   000070  00000E  00007E        70       1  COMMON      1
                cstackBANK1                    0000A0  000037  0000D7        A0       1  BANK1       1
                cstackBANK3                    000190  000059  0001E9       190       1  BANK3       1
                text9                          00080E  00012E  00093C      101C       0  CODE        2
                text7                          00093C  0001D3  000B0F      1278       0  CODE        2
                text16                         000B0F  000258  000D67      161E       0  CODE        2
                text8                          000D67  000299  001000      1ACE       0  CODE        2
                text12                         0011A7  000027  0011CE      234E       0  CODE        2
                text14                         0011CE  000039  001207      239C       0  CODE        2
                text5                          001207  000065  00126C      240E       0  CODE        2
                text10                         00126C  00008E  0012FA      24D8       0  CODE        2
                text6                          0012FA  00008E  001388      25F4       0  CODE        2
                text1                          001388  000090  001418      2710       0  CODE        2
                text2                          001418  000106  00151E      2830       0  CODE        2
                maintext                       00151E  00010F  00162D      2A3C       0  CODE        2
                text13                         00162D  0001D3  001800      2C5A       0  CODE        2


UNUSED ADDRESS RANGES

        Name                Unused          Largest block    Delta
        BANK1            00D7-00EF             19           1
        BANK2            0110-016F             60           1
        BANK3            01E9-01EF              7           1
        CODE             0003-0003              1           2
                         07FD-080D              3
                         1000-11A6            1A7
                         1800-1FFF            800
        CONST            0003-0003              1           2
                         07FD-080D              3
                         1000-11A6            100
                         1800-1FFF            100
        EEDATA           2100-21FF            100           2
        ENTRY            0003-0003              1           2
                         07FD-080D              3
                         1000-11A6            100
                         1800-1FFF            100
        RAM              00D7-00EF             19           1
                         0110-016F             60
                         01E9-01EF              7
        SFR0             0000-001F             20           1
        SFR1             0080-009F             20           1
        SFR2             0100-010F             10           1
        SFR3             0180-018F             10           1
        STRCODE          0003-0003              1           2
                         07FD-080D             11
                         1000-11A6            1A7
                         1800-1FFF            800
        STRING           0003-0003              1           2
                         07FD-080D              3
                         1000-11A6            100
                         1800-1FFF            100

                                  Symbol Table

?__Umul8_16               cstackBANK1  00B9
?___fladd                 cstackBANK0  0054
?___fldiv                 cstackBANK3  01AA
?___flmul                 cstackBANK3  0190
?___fltol                 cstackBANK3  01C4
?___xxtofl                cstackCOMMON 0070
?i1__Umul8_16             cstackCOMMON 0070
?i1___fldiv               cstackBANK0  0020
?i1___flmul               cstackBANK0  003A
?i1___fltol               cstackBANK0  0068
PWM_config@canal          cstackBANK1  00C4
PWM_config@periodo_ms     cstackBANK3  01CC
PWM_duty@canal            cstackBANK3  01D3
PWM_duty@duty             cstackBANK3  01CC
PWM_duty@particion1       cstackBANK3  01D4
PWM_duty@particion2       cstackBANK3  01D6
_ADCON0bits               (abs)        001F
_ADCON1bits               (abs)        009F
_ADRESH                   (abs)        001E
_ANSELH                   (abs)        0189
_ANSELbits                (abs)        0188
_CCP1CONbits              (abs)        0017
_CCP2CONbits              (abs)        001D
_CCPR1L                   (abs)        0015
_CCPR2L                   (abs)        001B
_INTCONbits               (abs)        000B
_IOCB                     (abs)        0096
_OPTION_REGbits           (abs)        0081
_OSCCONbits               (abs)        008F
_PIE1bits                 (abs)        008C
_PIR1bits                 (abs)        000C
_PORTA                    (abs)        0005
_PORTB                    (abs)        0006
_PORTBbits                (abs)        0006
_PORTC                    (abs)        0007
_PORTCbits                (abs)        0007
_PORTD                    (abs)        0008
_PORTE                    (abs)        0009
_PR2                      (abs)        0092
_PWM_config               text5        1207
_PWM_duty                 text2        1418
_T2CONbits                (abs)        0012
_TMR0                     (abs)        0001
_TRISB                    (abs)        0086
_TRISC                    (abs)        0087
_TRISCbits                (abs)        0087
_TRISD                    (abs)        0088
_TRISE                    (abs)        0089
__Habs1                   abs1         0000
__Hbank0                  bank0        0000
__Hbank1                  bank1        0000
__Hbank2                  bank2        0000
__Hbank3                  bank3        0000
__HbssBANK1               bssBANK1     0000
__Hcinit                  cinit        002E
__Hclrtext                clrtext      0000
__Hcode                   code         0000
__Hcommon                 common       0000
__Hconfig                 config       2009
__HcstackBANK0            cstackBANK0  0000
__HcstackBANK1            cstackBANK1  0000
__HcstackBANK3            cstackBANK3  0000
__HcstackCOMMON           cstackCOMMON 0000
__HdataBANK1              dataBANK1    0000
__Heeprom_data            eeprom_data  0000
__Hend_init               end_init     0013
__Hfunctab                functab      0000
__HidataBANK1             idataBANK1   0000
__Hidloc                  idloc        2004
__Hinit                   init         0010
__Hintentry               intentry     0010
__Hmaintext               maintext     0000
__HnvBANK3                nvBANK3      0000
__Hpowerup                powerup      0000
__Hram                    ram          0000
__Hreset_vec              reset_vec    0003
__Hsfr0                   sfr0         0000
__Hsfr1                   sfr1         0000
__Hsfr2                   sfr2         0000
__Hsfr3                   sfr3         0000
__Hspace_0                (abs)        1800
__Hspace_1                (abs)        01E9
__Hspace_2                (abs)        0000
__Hspace_3                (abs)        0000
__Hspace_4                (abs)        4010
__Hstack                  stack        0000
__Hstrings                strings      0000
__Htext                   text         0000
__Labs1                   abs1         0000
__Lbank0                  bank0        0000
__Lbank1                  bank1        0000
__Lbank2                  bank2        0000
__Lbank3                  bank3        0000
__LbssBANK1               bssBANK1     0000
__Lcinit                  cinit        0013
__Lclrtext                clrtext      0000
__Lcode                   code         0000
__Lcommon                 common       0000
__Lconfig                 config       0000
__LcstackBANK0            cstackBANK0  0000
__LcstackBANK1            cstackBANK1  0000
__LcstackBANK3            cstackBANK3  0000
__LcstackCOMMON           cstackCOMMON 0000
__LdataBANK1              dataBANK1    0000
__Leeprom_data            eeprom_data  0000
__Lend_init               end_init     0010
__Lfunctab                functab      0000
__LidataBANK1             idataBANK1   0000
__Lidloc                  idloc        0000
__Linit                   init         0010
__Lintentry               intentry     0004
__Lmaintext               maintext     0000
__LnvBANK3                nvBANK3      0000
__Lpowerup                powerup      0000
__Lram                    ram          0000
__Lreset_vec              reset_vec    0000
__Lsfr0                   sfr0         0000
__Lsfr1                   sfr1         0000
__Lsfr2                   sfr2         0000
__Lsfr3                   sfr3         0000
__Lspace_0                (abs)        0000
__Lspace_1                (abs)        0000
__Lspace_2                (abs)        0000
__Lspace_3                (abs)        0000
__Lspace_4                (abs)        0000
__Lstack                  stack        0000
__Lstrings                strings      0000
__Ltext                   text         0000
__S0                      (abs)        1800
__S1                      (abs)        01E9
__S3                      (abs)        0000
__Umul8_16                text4        07CA
__Umul8_16@multiplicand   cstackBANK1  00B9
__Umul8_16@multiplier     cstackBANK1  00C1
__Umul8_16@product        cstackBANK1  00BD
__Umul8_16@word_mpld      cstackBANK1  00BF
___fladd                  text16       0B0F
___fladd@a                cstackBANK0  0058
___fladd@aexp             cstackBANK0  0065
___fladd@b                cstackBANK0  0054
___fladd@bexp             cstackBANK0  0066
___fladd@grs              cstackBANK0  0067
___fladd@signs            cstackBANK0  0064
___fldiv                  text7        093C
___fldiv@a                cstackBANK3  01AA
___fldiv@aexp             cstackBANK3  01C3
___fldiv@b                cstackBANK3  01AE
___fldiv@bexp             cstackBANK3  01C2
___fldiv@grs              cstackBANK3  01BE
___fldiv@new_exp          cstackBANK3  01BC
___fldiv@rem              cstackBANK3  01B7
___fldiv@sign             cstackBANK3  01BB
___flmul                  text3        002E
___flmul@a                cstackBANK3  0194
___flmul@aexp             cstackBANK3  019E
___flmul@b                cstackBANK3  0190
___flmul@bexp             cstackBANK3  01A3
___flmul@grs              cstackBANK3  019F
___flmul@prod             cstackBANK3  01A4
___flmul@sign             cstackBANK3  019D
___flmul@temp             cstackBANK3  01A8
___fltol                  text6        12FA
___fltol@exp1             cstackBANK1  00C3
___fltol@f1               cstackBANK3  01C4
___fltol@sign1            cstackBANK1  00C2
___int_sp                 stack        0000
___latbits                (abs)        0002
___sp                     stack        0000
___stackhi                (abs)        0000
___stacklo                (abs)        0000
___xxtofl                 text15       0712
___xxtofl@arg             cstackCOMMON 007A
___xxtofl@exp             cstackCOMMON 0079
___xxtofl@sign            cstackCOMMON 0078
___xxtofl@val             cstackCOMMON 0070
__end_of_PWM_config       text5        126C
__end_of_PWM_duty         text2        151E
__end_of__Umul8_16        text4        07F3
__end_of___fladd          text16       0D67
__end_of___fldiv          text7        0B0F
__end_of___flmul          text3        03CD
__end_of___fltol          text6        1388
__end_of___xxtofl         text15       07CA
__end_of__initialization  cinit        002A
__end_of_isr              text8        1000
__end_of_main             maintext     162D
__end_of_pulse            text14       1207
__end_of_setup            text1        1418
__end_ofi1_PWM_duty       text9        093C
__end_ofi1__Umul8_16      text12       11CE
__end_ofi1___fldiv        text13       1800
__end_ofi1___flmul        text11       0712
__end_ofi1___fltol        text10       12FA
__initialization          cinit        0013
__pbssBANK1               bssBANK1     00C5
__pcstackBANK0            cstackBANK0  0020
__pcstackBANK1            cstackBANK1  00A0
__pcstackBANK3            cstackBANK3  0190
__pcstackCOMMON           cstackCOMMON 0070
__pdataBANK1              dataBANK1    00D5
__pidataBANK1             idataBANK1   07FB
__pintentry               intentry     0004
__pmaintext               maintext     151E
__pnvBANK3                nvBANK3      01E7
__ptext1                  text1        1388
__ptext10                 text10       126C
__ptext11                 text11       03CD
__ptext12                 text12       11A7
__ptext13                 text13       162D
__ptext14                 text14       11CE
__ptext15                 text15       0712
__ptext16                 text16       0B0F
__ptext2                  text2        1418
__ptext3                  text3        002E
__ptext4                  text4        07CA
__ptext5                  text5        1207
__ptext6                  text6        12FA
__ptext7                  text7        093C
__ptext8                  text8        0D67
__ptext9                  text9        080E
_ang1                     nvBANK3      01E8
_ang2                     nvBANK3      01E7
_isr                      text8        0D67
_isr$1238                 cstackBANK1  00B5
_main                     maintext     151E
_main$374                 cstackBANK3  01DB
_main$375                 cstackBANK3  01DD
_main$376                 cstackBANK3  01DF
_main$377                 cstackBANK3  01E1
_potenciometro            bssBANK1     00C9
_pulse                    text14       11CE
_servo                    dataBANK1    00D6
_setup                    text1        1388
_valorPot1                bssBANK1     00D1
_valorPot2                bssBANK1     00CF
btemp                     (abs)        007E
clear_ram0                clrtext      07F3
end_of_initialization     cinit        002A
i1PWM_duty@canal          cstackBANK1  00A9
i1PWM_duty@duty           cstackBANK1  00A2
i1PWM_duty@particion1     cstackBANK1  00AA
i1PWM_duty@particion2     cstackBANK1  00AC
i1_PWM_duty               text9        080E
i1__Umul8_16              text12       11A7
i1__Umul8_16@multiplicand cstackCOMMON 0070
i1__Umul8_16@multiplier   cstackCOMMON 0078
i1__Umul8_16@product      cstackCOMMON 0074
i1__Umul8_16@word_mpld    cstackCOMMON 0076
i1___fldiv                text13       162D
i1___fldiv@a              cstackBANK0  0020
i1___fldiv@aexp           cstackBANK0  0039
i1___fldiv@b              cstackBANK0  0024
i1___fldiv@bexp           cstackBANK0  0038
i1___fldiv@grs            cstackBANK0  0034
i1___fldiv@new_exp        cstackBANK0  0032
i1___fldiv@rem            cstackBANK0  002D
i1___fldiv@sign           cstackBANK0  0031
i1___flmul                text11       03CD
i1___flmul@a              cstackBANK0  003E
i1___flmul@aexp           cstackBANK0  004C
i1___flmul@b              cstackBANK0  003A
i1___flmul@bexp           cstackBANK0  004D
i1___flmul@grs            cstackBANK0  0048
i1___flmul@prod           cstackBANK0  004E
i1___flmul@sign           cstackBANK0  0047
i1___flmul@temp           cstackBANK0  0052
i1___fltol                text10       126C
i1___fltol@exp1           cstackBANK1  00A1
i1___fltol@f1             cstackBANK0  0068
i1___fltol@sign1          cstackBANK1  00A0
interrupt_function        intentry     0004
intlevel0                 functab      0000
intlevel1                 functab      0000
intlevel2                 functab      0000
intlevel3                 functab      0000
intlevel4                 functab      0000
intlevel5                 functab      0000
main@Lmax                 cstackBANK3  01E3
main@Lmin                 cstackBANK3  01E5
reset_vec                 reset_vec    0000
saved_w                   (abs)        007E
start                     init         0010
start_initialization      cinit        0013
wtemp0                    (abs)        007E


MODULE INFORMATION

Module		Function		Class		Link	Load	Size
C:\Program Files\Microchip\xc8\v2.40\pic\sources\c90\common\fltol.c
		___fltol       		CODE           	12FA	0000	142

C:\Program Files\Microchip\xc8\v2.40\pic\sources\c90\common\fltol.c estimated size: 142

Progra_IRONMAN.c
		_main          		CODE           	151E	0000	271
		_isr           		CODE           	0D67	0000	665
		_pulse         		CODE           	11CE	0000	57
		_setup         		CODE           	1388	0000	144

Progra_IRONMAN.c estimated size: 1137

C:\Program Files\Microchip\xc8\v2.40\pic\sources\c90\common\sprcmul.c
		___flmul       		CODE           	002E	0000	927

C:\Program Files\Microchip\xc8\v2.40\pic\sources\c90\common\sprcmul.c estimated size: 927

C:\Program Files\Microchip\xc8\v2.40\pic\sources\c90\common\sprcdiv.c
		___fldiv       		CODE           	093C	0000	467

C:\Program Files\Microchip\xc8\v2.40\pic\sources\c90\common\sprcdiv.c estimated size: 467

C:\Program Files\Microchip\xc8\v2.40\pic\sources\c90\common\Umul8_16.c
		__Umul8_16     		CODE           	07CA	0000	41

C:\Program Files\Microchip\xc8\v2.40\pic\sources\c90\common\Umul8_16.c estimated size: 41

PWM_SERVO1.c
		_PWM_config    		CODE           	1207	0000	101
		_PWM_duty      		CODE           	1418	0000	262

PWM_SERVO1.c estimated size: 363

shared
		i1_PWM_duty    		CODE           	080E	0000	302
		i1__Umul8_16   		CODE           	11A7	0000	39
		i1___fldiv     		CODE           	162D	0000	467
		i1___fltol     		CODE           	126C	0000	142
		__initialization		CODE           	0013	0000	23
		i1___flmul     		CODE           	03CD	0000	837

shared estimated size: 1810

C:\Program Files\Microchip\xc8\v2.40\pic\sources\c90\common\sprcadd.c
		___fladd       		CODE           	0B0F	0000	600

C:\Program Files\Microchip\xc8\v2.40\pic\sources\c90\common\sprcadd.c estimated size: 600

C:\Program Files\Microchip\xc8\v2.40\pic\sources\c90\common\xxtofl.c
		___xxtofl      		CODE           	0712	0000	184

C:\Program Files\Microchip\xc8\v2.40\pic\sources\c90\common\xxtofl.c estimated size: 184

