Microchip MPLAB XC8 Compiler V2.40

Linker command line:

-W-3 \
  --edf=C:\Program Files\Microchip\xc8\v2.40\pic\dat\20220703182018_en.msgs \
  -cn -h+dist/default/production\Proyecto_IRONMAN.X.production.sym \
  --cmf=dist/default/production\Proyecto_IRONMAN.X.production.cmf -z \
  -Q16F887 -oC:\Users\Black\AppData\Local\Temp\xcAsmb8.4 \
  --defsym=__MPLAB_BUILD=1 --fixupoverflow=error \
  -Mdist/default/production/Proyecto_IRONMAN.X.production.map \
  --md=C:\Users\Black\AppData\Local\Temp\xcAsmb8.dat -E1 -ver=XC8 Compiler \
  --acfsm=1493 -ACODE=00h-07FFhx4 -ASTRCODE=00h-01FFFh -ASTRING=00h-0FFhx32 \
  -ACONST=00h-0FFhx32 -AENTRY=00h-0FFhx32 -ACOMMON=070h-07Fh \
  -ABANK0=020h-06Fh -ABANK1=0A0h-0EFh -ABANK2=0110h-016Fh \
  -ABANK3=0190h-01EFh -ARAM=020h-06Fh,0A0h-0EFh,0110h-016Fh,0190h-01EFh \
  -AABS1=020h-07Fh,0A0h-0EFh,0110h-016Fh,0190h-01EFh -ASFR0=00h-01Fh \
  -ASFR1=080h-09Fh -ASFR2=0100h-010Fh -ASFR3=0180h-018Fh \
  -ACONFIG=02007h-02008h -DCONFIG=2 -AIDLOC=02000h-02003h -DIDLOC=2 \
  -AEEDATA=00h-0FFh/02100h -peeprom_data=EEDATA -DEEDATA=2 -DCODE=2 \
  -DSTRCODE=2 -DSTRING=2 -DCONST=2 -DENTRY=2 \
  -preset_vec=00h,intentry=04h,init,end_init -ppowerup=CODE -pcinit=CODE \
  -pfunctab=ENTRY -k C:\Users\Black\AppData\Local\Temp\xcAsmb8.o \
  dist/default/production\Proyecto_IRONMAN.X.production.o 

Object code version is 3.11

Machine type is 16F887



                Name                               Link     Load   Length Selector   Space Scale
C:\Users\Black\AppData\Local\Temp\xcAsmb8.o
                end_init                             12       12        3        8       0
                reset_vec                             0        0        3        0       0
                config                             2007     2007        2        0       4
                idloc                              2000     2000        4        0       5
dist/default/production\Proyecto_IRONMAN.X.production.o
                cinit                                15       15       2A        8       0
                intentry                              4        4        E        8       0
                config                             2007     2007        2        0       4
                idloc                              2000     2000        4        0       5
                text24                             1982     1982       25     3304       0
                text23                             1B48     1B48       7F     3690       0
                text22                             1A1C     1A1C       39     3438       0
                text21                             1949     1949       17     3292       0
                text20                             1E2D     1E2D      1D3     3C5A       0
                text19                             19CC     19CC       27     3398       0
                text18                              384      384      345        8       0
                text17                              806      806       8E     100C       0
                text16                              894      894      12E     1128       0
                text15                             1350     1350      258     26A0       0
                text14                             100B     100B       B8     2016       0
                text13                             1C5C     1C5C      1D1     38B8       0
                text12                             1960     1960       22     32C0       0
                text11                              9C2      9C2      313     1384       0
                text10                             15A8     15A8      258     2B50       0
                text9                              10C3     10C3       BA     2186       0
                text8                              19A7     19A7       25     334E       0
                text7                              117D     117D      1D3     22FA       0
                text6                              1A55     1A55       78     34AA       0
                text5                              1ACD     1ACD       7B     359A       0
                text4                              19F3     19F3       29     33E6       0
                text3                                3F       3F      345        8       0
                text2                               6C9      6C9      12E        8       0
                text1                              1BC7     1BC7       95     378E       0
                maintext                            CD5      CD5      32B     19AA       0
                cstackBANK0                          20       20       50       20       1
                cstackCOMMON                         70       70        E       70       1
                cstackBANK1                          A0       A0       25       A0       1
                cstackBANK2                         110      110       1F      110       1
                cstackBANK3                         190      190       60      190       1
                clrtext                             7F7      7F7        8        8       0
                bssBANK2                            12F      12F        8      110       1
                dataBANK1                            D6       D6        3       A0       1
                bssBANK1                             C5       C5       11       A0       1
                nvBANK2                             137      137        2      110       1
                idataBANK1                          803      803        3     1006       0

TOTAL           Name                               Link     Load   Length     Space
        CLASS   CODE           
                end_init                             12       12        3         0
                cinit                                15       15       2A         0
                intentry                              4        4        E         0
                reset_vec                             0        0        3         0
                text24                             1982     1982       25         0
                text23                             1B48     1B48       7F         0
                text22                             1A1C     1A1C       39         0
                text21                             1949     1949       17         0
                text20                             1E2D     1E2D      1D3         0
                text19                             19CC     19CC       27         0
                text18                              384      384      345         0
                text17                              806      806       8E         0
                text16                              894      894      12E         0
                text15                             1350     1350      258         0
                text14                             100B     100B       B8         0
                text13                             1C5C     1C5C      1D1         0
                text12                             1960     1960       22         0
                text11                              9C2      9C2      313         0
                text10                             15A8     15A8      258         0
                text9                              10C3     10C3       BA         0
                text8                              19A7     19A7       25         0
                text7                              117D     117D      1D3         0
                text6                              1A55     1A55       78         0
                text5                              1ACD     1ACD       7B         0
                text4                              19F3     19F3       29         0
                text3                                3F       3F      345         0
                text2                               6C9      6C9      12E         0
                text1                              1BC7     1BC7       95         0
                maintext                            CD5      CD5      32B         0
                clrtext                             7F7      7F7        8         0
                idataBANK1                          803      803        3         0

        CLASS   STRCODE        

        CLASS   STRING         

        CLASS   CONST          

        CLASS   ENTRY          

        CLASS   COMMON         
                cstackCOMMON                         70       70        E         1

        CLASS   BANK0          
                cstackBANK0                          20       20       50         1

        CLASS   BANK1          
                cstackBANK1                          A0       A0       25         1
                dataBANK1                            D6       D6        3         1
                bssBANK1                             C5       C5       11         1

        CLASS   BANK2          
                cstackBANK2                         110      110       1F         1
                bssBANK2                            12F      12F        8         1
                nvBANK2                             137      137        2         1

        CLASS   BANK3          
                cstackBANK3                         190      190       60         1

        CLASS   RAM            

        CLASS   ABS1           
                abs_s1                               7E       7E        2         1

        CLASS   SFR0           

        CLASS   SFR1           

        CLASS   SFR2           

        CLASS   SFR3           

        CLASS   CONFIG         
                config                             2007     2007        2         4

        CLASS   IDLOC          
                idloc                              2000     2000        4         5

        CLASS   EEDATA         

        CLASS   STACK          



SEGMENTS        Name                           Load    Length   Top    Selector   Space  Class     Delta

                reset_vec                      000000  000003  000003         0       0  CODE        2
                intentry                       000004  0007FB  0007FF         8       0  CODE        2
                cstackBANK0                    000020  000050  000070        20       1  BANK0       1
                cstackCOMMON                   000070  00000E  00007E        70       1  COMMON      1
                cstackBANK1                    0000A0  000039  0000D9        A0       1  BANK1       1
                cstackBANK2                    000110  000029  000139       110       1  BANK2       1
                cstackBANK3                    000190  000060  0001F0       190       1  BANK3       1
                idataBANK1                     000803  000003  000806      1006       0  CODE        2
                text17                         000806  00008E  000894      100C       0  CODE        2
                text16                         000894  00012E  0009C2      1128       0  CODE        2
                text11                         0009C2  000313  000CD5      1384       0  CODE        2
                maintext                       000CD5  00032B  001000      19AA       0  CODE        2
                text14                         00100B  0000B8  0010C3      2016       0  CODE        2
                text9                          0010C3  0000BA  00117D      2186       0  CODE        2
                text7                          00117D  0001D3  001350      22FA       0  CODE        2
                text15                         001350  000258  0015A8      26A0       0  CODE        2
                text10                         0015A8  000258  001800      2B50       0  CODE        2
                text21                         001949  000017  001960      3292       0  CODE        2
                text12                         001960  000022  001982      32C0       0  CODE        2
                text24                         001982  000025  0019A7      3304       0  CODE        2
                text8                          0019A7  000025  0019CC      334E       0  CODE        2
                text19                         0019CC  000027  0019F3      3398       0  CODE        2
                text4                          0019F3  000029  001A1C      33E6       0  CODE        2
                text22                         001A1C  000039  001A55      3438       0  CODE        2
                text6                          001A55  000078  001ACD      34AA       0  CODE        2
                text5                          001ACD  00007B  001B48      359A       0  CODE        2
                text23                         001B48  00007F  001BC7      3690       0  CODE        2
                text1                          001BC7  000095  001C5C      378E       0  CODE        2
                text13                         001C5C  0001D1  001E2D      38B8       0  CODE        2
                text20                         001E2D  0001D3  002000      3C5A       0  CODE        2


UNUSED ADDRESS RANGES

        Name                Unused          Largest block    Delta
        BANK1            00D9-00EF             17           1
        BANK2            0139-016F             37           1
        CODE             0003-0003              1           2
                         07FF-0802              1
                         1000-100A              B
                         1800-1948            149
        CONST            0003-0003              1           2
                         07FF-0802              1
                         1000-100A              B
                         1800-1948            100
        EEDATA           2100-21FF            100           2
        ENTRY            0003-0003              1           2
                         07FF-0802              1
                         1000-100A              B
                         1800-1948            100
        RAM              00D9-00EF             17           1
                         0139-016F             37
        SFR0             0000-001F             20           1
        SFR1             0080-009F             20           1
        SFR2             0100-010F             10           1
        SFR3             0180-018F             10           1
        STRCODE          0003-0003              1           2
                         07FF-0802              4
                         1000-100A              B
                         1800-1948            149
        STRING           0003-0003              1           2
                         07FF-0802              1
                         1000-100A              B
                         1800-1948            100

                                  Symbol Table

?__Umul8_16               cstackBANK3  0190
?___fladd                 cstackBANK3  01D2
?___fldiv                 cstackBANK3  019E
?___flmul                 cstackBANK3  01B8
?___fltol                 cstackBANK3  01E6
?___wmul                  cstackCOMMON 0070
?___xxtofl                cstackBANK3  0190
?i1__Umul8_16             cstackCOMMON 0070
?i1___fladd               cstackBANK0  0054
?i1___fldiv               cstackBANK0  0020
?i1___flmul               cstackBANK0  003A
?i1___fltol               cstackBANK0  0068
?i1___xxtofl              cstackCOMMON 0070
PWM_config@canal          cstackBANK2  0114
PWM_config@periodo_ms     cstackBANK2  0110
PWM_duty@canal            cstackBANK2  0117
PWM_duty@duty             cstackBANK2  0110
PWM_duty@particion1       cstackBANK2  0118
PWM_duty@particion2       cstackBANK2  011A
_ADCON0bits               (abs)        001F
_ADCON1bits               (abs)        009F
_ADRESH                   (abs)        001E
_ANSELH                   (abs)        0189
_ANSELbits                (abs)        0188
_BRG16                    (abs)        0C3B
_BRGH                     (abs)        04C2
_CCP1CONbits              (abs)        0017
_CCP2CONbits              (abs)        001D
_CCPR1L                   (abs)        0015
_CCPR2L                   (abs)        001B
_CREN                     (abs)        00C4
_EEADR                    (abs)        010D
_EECON1bits               (abs)        018C
_EECON2                   (abs)        018D
_EEDAT                    (abs)        010C
_GIE                      (abs)        005F
_INTCONbits               (abs)        000B
_IOCB                     (abs)        0096
_OPTION_REGbits           (abs)        0081
_OSCCONbits               (abs)        008F
_PIE1bits                 (abs)        008C
_PIR1bits                 (abs)        000C
_PORTA                    (abs)        0005
_PORTB                    (abs)        0006
_PORTBbits                (abs)        0006
_PORTC                    (abs)        0007
_PORTCbits                (abs)        0007
_PORTD                    (abs)        0008
_PORTE                    (abs)        0009
_PR2                      (abs)        0092
_PWM_config               text5        1ACD
_PWM_duty                 text2        06C9
_RCREG                    (abs)        001A
_RCSTAbits                (abs)        0018
_RD                       (abs)        0C60
_SPBRG                    (abs)        0099
_SPBRGH                   (abs)        009A
_SPEN                     (abs)        00C7
_SYNC                     (abs)        04C4
_T2CONbits                (abs)        0012
_TMR0                     (abs)        0001
_TRISA                    (abs)        0085
_TRISB                    (abs)        0086
_TRISC                    (abs)        0087
_TRISCbits                (abs)        0087
_TRISD                    (abs)        0088
_TRISE                    (abs)        0089
_TXEN                     (abs)        04C5
_TXIF                     (abs)        0064
_TXSTAbits                (abs)        0098
_TXT                      text23       1B48
_WR                       (abs)        0C61
__Habs1                   abs1         0000
__Hbank0                  bank0        0000
__Hbank1                  bank1        0000
__Hbank2                  bank2        0000
__Hbank3                  bank3        0000
__HbssBANK1               bssBANK1     0000
__HbssBANK2               bssBANK2     0000
__Hcinit                  cinit        003F
__Hclrtext                clrtext      0000
__Hcode                   code         0000
__Hcommon                 common       0000
__Hconfig                 config       2009
__HcstackBANK0            cstackBANK0  0000
__HcstackBANK1            cstackBANK1  0000
__HcstackBANK2            cstackBANK2  0000
__HcstackBANK3            cstackBANK3  0000
__HcstackCOMMON           cstackCOMMON 0000
__HdataBANK1              dataBANK1    0000
__Heeprom_data            eeprom_data  0000
__Hend_init               end_init     0015
__Hfunctab                functab      0000
__HidataBANK1             idataBANK1   0000
__Hidloc                  idloc        2004
__Hinit                   init         0012
__Hintentry               intentry     0012
__Hmaintext               maintext     0000
__HnvBANK2                nvBANK2      0000
__Hpowerup                powerup      0000
__Hram                    ram          0000
__Hreset_vec              reset_vec    0003
__Hsfr0                   sfr0         0000
__Hsfr1                   sfr1         0000
__Hsfr2                   sfr2         0000
__Hsfr3                   sfr3         0000
__Hspace_0                (abs)        2000
__Hspace_1                (abs)        01F0
__Hspace_2                (abs)        0000
__Hspace_3                (abs)        0000
__Hspace_4                (abs)        4010
__Hstack                  stack        0000
__Hstrings                strings      0000
__Htext                   text         0000
__Labs1                   abs1         0000
__Lbank0                  bank0        0000
__Lbank1                  bank1        0000
__Lbank2                  bank2        0000
__Lbank3                  bank3        0000
__LbssBANK1               bssBANK1     0000
__LbssBANK2               bssBANK2     0000
__Lcinit                  cinit        0015
__Lclrtext                clrtext      0000
__Lcode                   code         0000
__Lcommon                 common       0000
__Lconfig                 config       0000
__LcstackBANK0            cstackBANK0  0000
__LcstackBANK1            cstackBANK1  0000
__LcstackBANK2            cstackBANK2  0000
__LcstackBANK3            cstackBANK3  0000
__LcstackCOMMON           cstackCOMMON 0000
__LdataBANK1              dataBANK1    0000
__Leeprom_data            eeprom_data  0000
__Lend_init               end_init     0012
__Lfunctab                functab      0000
__LidataBANK1             idataBANK1   0000
__Lidloc                  idloc        0000
__Linit                   init         0012
__Lintentry               intentry     0004
__Lmaintext               maintext     0000
__LnvBANK2                nvBANK2      0000
__Lpowerup                powerup      0000
__Lram                    ram          0000
__Lreset_vec              reset_vec    0000
__Lsfr0                   sfr0         0000
__Lsfr1                   sfr1         0000
__Lsfr2                   sfr2         0000
__Lsfr3                   sfr3         0000
__Lspace_0                (abs)        0000
__Lspace_1                (abs)        0000
__Lspace_2                (abs)        0000
__Lspace_3                (abs)        0000
__Lspace_4                (abs)        0000
__Lstack                  stack        0000
__Lstrings                strings      0000
__Ltext                   text         0000
__S0                      (abs)        2000
__S1                      (abs)        01F0
__S3                      (abs)        0000
__Umul8_16                text4        19F3
__Umul8_16@multiplicand   cstackBANK3  0190
__Umul8_16@multiplier     cstackBANK3  0198
__Umul8_16@product        cstackBANK3  0194
__Umul8_16@word_mpld      cstackBANK3  0196
___fladd                  text10       15A8
___fladd@a                cstackBANK3  01D6
___fladd@aexp             cstackBANK3  01E3
___fladd@b                cstackBANK3  01D2
___fladd@bexp             cstackBANK3  01E4
___fladd@grs              cstackBANK3  01E5
___fladd@signs            cstackBANK3  01E2
___fldiv                  text7        117D
___fldiv@a                cstackBANK3  019E
___fldiv@aexp             cstackBANK3  01B7
___fldiv@b                cstackBANK3  01A2
___fldiv@bexp             cstackBANK3  01B6
___fldiv@grs              cstackBANK3  01B2
___fldiv@new_exp          cstackBANK3  01B0
___fldiv@rem              cstackBANK3  01AB
___fldiv@sign             cstackBANK3  01AF
___flmul                  text3        003F
___flmul@a                cstackBANK3  01BC
___flmul@aexp             cstackBANK3  01C6
___flmul@b                cstackBANK3  01B8
___flmul@bexp             cstackBANK3  01CB
___flmul@grs              cstackBANK3  01C7
___flmul@prod             cstackBANK3  01CC
___flmul@sign             cstackBANK3  01C5
___flmul@temp             cstackBANK3  01D0
___fltol                  text6        1A55
___fltol@exp1             cstackBANK3  01EF
___fltol@f1               cstackBANK3  01E6
___fltol@sign1            cstackBANK3  01EE
___int_sp                 stack        0000
___latbits                (abs)        0002
___sp                     stack        0000
___stackhi                (abs)        0000
___stacklo                (abs)        0000
___wmul                   text24       1982
___wmul@multiplicand      cstackCOMMON 0072
___wmul@multiplier        cstackCOMMON 0070
___wmul@product           cstackCOMMON 0074
___xxtofl                 text9        10C3
___xxtofl@arg             cstackBANK3  019A
___xxtofl@exp             cstackBANK3  0199
___xxtofl@sign            cstackBANK3  0198
___xxtofl@val             cstackBANK3  0190
__end_of_PWM_config       text5        1B48
__end_of_PWM_duty         text2        07F7
__end_of_TXT              text23       1BC7
__end_of__Umul8_16        text4        1A1C
__end_of___fladd          text10       1800
__end_of___fldiv          text7        1350
__end_of___flmul          text3        0384
__end_of___fltol          text6        1ACD
__end_of___wmul           text24       19A7
__end_of___xxtofl         text9        117D
__end_of__initialization  cinit        003B
__end_of_initUART         text8        19CC
__end_of_isr              text11       0CD5
__end_of_main             maintext     1000
__end_of_pulse            text22       1A55
__end_of_read_EEPROM      text21       1960
__end_of_servos           text13       1E2D
__end_of_setup            text1        1C5C
__end_of_write_EEPROM     text12       1982
__end_ofi1_PWM_duty       text16       09C2
__end_ofi1__Umul8_16      text19       19F3
__end_ofi1___fladd        text15       15A8
__end_ofi1___fldiv        text20       2000
__end_ofi1___flmul        text18       06C9
__end_ofi1___fltol        text17       0894
__end_ofi1___xxtofl       text14       10C3
__initialization          cinit        0015
__pbssBANK1               bssBANK1     00C5
__pbssBANK2               bssBANK2     012F
__pcstackBANK0            cstackBANK0  0020
__pcstackBANK1            cstackBANK1  00A0
__pcstackBANK2            cstackBANK2  0110
__pcstackBANK3            cstackBANK3  0190
__pcstackCOMMON           cstackCOMMON 0070
__pdataBANK1              dataBANK1    00D6
__pidataBANK1             idataBANK1   0803
__pintentry               intentry     0004
__pmaintext               maintext     0CD5
__pnvBANK2                nvBANK2      0137
__ptext1                  text1        1BC7
__ptext10                 text10       15A8
__ptext11                 text11       09C2
__ptext12                 text12       1960
__ptext13                 text13       1C5C
__ptext14                 text14       100B
__ptext15                 text15       1350
__ptext16                 text16       0894
__ptext17                 text17       0806
__ptext18                 text18       0384
__ptext19                 text19       19CC
__ptext2                  text2        06C9
__ptext20                 text20       1E2D
__ptext21                 text21       1949
__ptext22                 text22       1A1C
__ptext23                 text23       1B48
__ptext24                 text24       1982
__ptext3                  text3        003F
__ptext4                  text4        19F3
__ptext5                  text5        1ACD
__ptext6                  text6        1A55
__ptext7                  text7        117D
__ptext8                  text8        19A7
__ptext9                  text9        10C3
_address                  bssBANK1     00D5
_ang1                     nvBANK2      0138
_ang2                     nvBANK2      0137
_bandera                  bssBANK2     012F
_caracter                 bssBANK1     00C7
_contador                 bssBANK2     0133
_data                     bssBANK1     00D4
_entero                   bssBANK1     00C5
_flag                     bssBANK2     0131
_i                        dataBANK1    00D6
_initUART                 text8        19A7
_isr                      text11       09C2
_isr$1433                 cstackBANK1  00C1
_main                     maintext     0CD5
_main$1324                cstackBANK2  0127
_main$524                 cstackBANK2  011F
_main$525                 cstackBANK2  0121
_main$526                 cstackBANK2  0123
_main$527                 cstackBANK2  0125
_modo                     bssBANK1     00D1
_numero                   bssBANK1     00CB
_potenciometro            bssBANK1     00D3
_pulse                    text22       1A1C
_read_EEPROM              text21       1949
_servo                    dataBANK1    00D8
_servos                   text13       1C5C
_servos$1434              cstackBANK1  00B4
_setup                    text1        1BC7
_valorPot1                bssBANK1     00CF
_valorPot2                bssBANK1     00CD
_valor_entero             bssBANK1     00C9
_valor_uart               bssBANK2     0135
_write_EEPROM             text12       1960
btemp                     (abs)        007E
clear_ram0                clrtext      07F7
end_of_initialization     cinit        003B
i1PWM_duty@canal          cstackBANK1  00A9
i1PWM_duty@duty           cstackBANK1  00A2
i1PWM_duty@particion1     cstackBANK1  00AA
i1PWM_duty@particion2     cstackBANK1  00AC
i1_PWM_duty               text16       0894
i1__Umul8_16              text19       19CC
i1__Umul8_16@multiplicand cstackCOMMON 0070
i1__Umul8_16@multiplier   cstackCOMMON 0078
i1__Umul8_16@product      cstackCOMMON 0074
i1__Umul8_16@word_mpld    cstackCOMMON 0076
i1___fladd                text15       1350
i1___fladd@a              cstackBANK0  0058
i1___fladd@aexp           cstackBANK0  0065
i1___fladd@b              cstackBANK0  0054
i1___fladd@bexp           cstackBANK0  0066
i1___fladd@grs            cstackBANK0  0067
i1___fladd@signs          cstackBANK0  0064
i1___fldiv                text20       1E2D
i1___fldiv@a              cstackBANK0  0020
i1___fldiv@aexp           cstackBANK0  0039
i1___fldiv@b              cstackBANK0  0024
i1___fldiv@bexp           cstackBANK0  0038
i1___fldiv@grs            cstackBANK0  0034
i1___fldiv@new_exp        cstackBANK0  0032
i1___fldiv@rem            cstackBANK0  002D
i1___fldiv@sign           cstackBANK0  0031
i1___flmul                text18       0384
i1___flmul@a              cstackBANK0  003E
i1___flmul@aexp           cstackBANK0  004C
i1___flmul@b              cstackBANK0  003A
i1___flmul@bexp           cstackBANK0  004D
i1___flmul@grs            cstackBANK0  0048
i1___flmul@prod           cstackBANK0  004E
i1___flmul@sign           cstackBANK0  0047
i1___flmul@temp           cstackBANK0  0052
i1___fltol                text17       0806
i1___fltol@exp1           cstackBANK1  00A1
i1___fltol@f1             cstackBANK0  0068
i1___fltol@sign1          cstackBANK1  00A0
i1___xxtofl               text14       100B
i1___xxtofl@arg           cstackCOMMON 007A
i1___xxtofl@exp           cstackCOMMON 0079
i1___xxtofl@sign          cstackCOMMON 0078
i1___xxtofl@val           cstackCOMMON 0070
interrupt_function        intentry     0004
intlevel0                 functab      0000
intlevel1                 functab      0000
intlevel2                 functab      0000
intlevel3                 functab      0000
intlevel4                 functab      0000
intlevel5                 functab      0000
main@Lmax                 cstackBANK2  012B
main@Lmin                 cstackBANK2  012D
read_EEPROM@address       cstackCOMMON 0070
reset_vec                 reset_vec    0000
saved_w                   (abs)        007E
servos@dato               cstackBANK1  00B8
servos@modo               cstackBANK1  00AE
start                     init         0012
start_initialization      cinit        0015
write_EEPROM@address      cstackCOMMON 0071
write_EEPROM@data         cstackCOMMON 0070
write_EEPROM@gieStatus    cstackCOMMON 0072
wtemp0                    (abs)        007E


MODULE INFORMATION

Module		Function		Class		Link	Load	Size
C:\Program Files\Microchip\xc8\v2.40\pic\sources\c90\common\fltol.c
		___fltol       		CODE           	1A55	0000	120

C:\Program Files\Microchip\xc8\v2.40\pic\sources\c90\common\fltol.c estimated size: 120

Progra_IRONMAN.c
		_servos        		CODE           	1C5C	0000	465
		_main          		CODE           	0CD5	0000	811
		_initUART      		CODE           	19A7	0000	37
		_TXT           		CODE           	1B48	0000	127
		_isr           		CODE           	09C2	0000	787
		_pulse         		CODE           	1A1C	0000	57
		_setup         		CODE           	1BC7	0000	149
		_read_EEPROM   		CODE           	1949	0000	23
		_write_EEPROM  		CODE           	1960	0000	34

Progra_IRONMAN.c estimated size: 2490

C:\Program Files\Microchip\xc8\v2.40\pic\sources\c90\common\sprcmul.c
		___flmul       		CODE           	003F	0000	837

C:\Program Files\Microchip\xc8\v2.40\pic\sources\c90\common\sprcmul.c estimated size: 837

C:\Program Files\Microchip\xc8\v2.40\pic\sources\c90\common\sprcdiv.c
		___fldiv       		CODE           	117D	0000	467

C:\Program Files\Microchip\xc8\v2.40\pic\sources\c90\common\sprcdiv.c estimated size: 467

C:\Program Files\Microchip\xc8\v2.40\pic\sources\c90\common\Umul8_16.c
		__Umul8_16     		CODE           	19F3	0000	41

C:\Program Files\Microchip\xc8\v2.40\pic\sources\c90\common\Umul8_16.c estimated size: 41

PWM_SERVO1.c
		_PWM_config    		CODE           	1ACD	0000	123
		_PWM_duty      		CODE           	06C9	0000	302

PWM_SERVO1.c estimated size: 425

C:\Program Files\Microchip\xc8\v2.40\pic\sources\c90\common\Umul16.c
		___wmul        		CODE           	1982	0000	37

C:\Program Files\Microchip\xc8\v2.40\pic\sources\c90\common\Umul16.c estimated size: 37

shared
		i1_PWM_duty    		CODE           	0894	0000	302
		i1___fladd     		CODE           	1350	0000	600
		i1__Umul8_16   		CODE           	19CC	0000	39
		i1___fldiv     		CODE           	1E2D	0000	467
		i1___fltol     		CODE           	0806	0000	142
		__initialization		CODE           	0015	0000	38
		i1___flmul     		CODE           	0384	0000	837
		i1___xxtofl    		CODE           	100B	0000	184

shared estimated size: 2609

C:\Program Files\Microchip\xc8\v2.40\pic\sources\c90\common\sprcadd.c
		___fladd       		CODE           	15A8	0000	600

C:\Program Files\Microchip\xc8\v2.40\pic\sources\c90\common\sprcadd.c estimated size: 600

C:\Program Files\Microchip\xc8\v2.40\pic\sources\c90\common\xxtofl.c
		___xxtofl      		CODE           	10C3	0000	186

C:\Program Files\Microchip\xc8\v2.40\pic\sources\c90\common\xxtofl.c estimated size: 186

